Component: ARM Compiler 5.06 update 6 (build 750) Tool: armlink [4d35ed]

==============================================================================

Section Cross References

    main.o(.emb_text) refers (Special) to use_no_semi_2.o(.text) for __use_no_semihosting
    main.o(.text) refers (Special) to use_no_semi_2.o(.text) for __use_no_semihosting
    main.o(.text) refers to _printf_percent.o(.ARM.Collect$$_printf_percent$$00000000) for _printf_percent
    main.o(.text) refers to _printf_s.o(.ARM.Collect$$_printf_percent$$00000014) for _printf_s
    main.o(.text) refers to _printf_str.o(.text) for _printf_str
    main.o(.text) refers to _printf_d.o(.ARM.Collect$$_printf_percent$$00000009) for _printf_d
    main.o(.text) refers to _printf_dec.o(.text) for _printf_int_dec
    main.o(.text) refers to _printf_pad.o(.text) for _printf_pre_padding
    main.o(.text) refers to _printf_x.o(.ARM.Collect$$_printf_percent$$0000000C) for _printf_x
    main.o(.text) refers to _printf_hex_int.o(.text) for _printf_longlong_hex
    main.o(.text) refers to vt_i2c.o(.text) for VII_ScanDevice
    main.o(.text) refers to noretval__2printf.o(.text) for __2printf
    main.o(.text) refers to vt_driver.o(.text) for Sleep
    main.o(.data) refers (Special) to use_no_semi_2.o(.text) for __use_no_semihosting
    stm32fxxx_it.o(.text) refers to vt_it.o(.text) for _I2C1_EV_IRQHandler
    startup_stm32f10x_cl.o(STACK) refers (Special) to heapauxi.o(.text) for __use_two_region_memory
    startup_stm32f10x_cl.o(HEAP) refers (Special) to heapauxi.o(.text) for __use_two_region_memory
    startup_stm32f10x_cl.o(RESET) refers (Special) to heapauxi.o(.text) for __use_two_region_memory
    startup_stm32f10x_cl.o(RESET) refers to startup_stm32f10x_cl.o(STACK) for __initial_sp
    startup_stm32f10x_cl.o(RESET) refers to startup_stm32f10x_cl.o(.text) for Reset_Handler
    startup_stm32f10x_cl.o(RESET) refers to stm32fxxx_it.o(.text) for NMI_Handler
    startup_stm32f10x_cl.o(.text) refers (Special) to heapauxi.o(.text) for __use_two_region_memory
    startup_stm32f10x_cl.o(.text) refers to system_stm32f10x.o(.text) for SystemInit
    startup_stm32f10x_cl.o(.text) refers to __main.o(!!!main) for __main
    startup_stm32f10x_cl.o(.text) refers to startup_stm32f10x_cl.o(HEAP) for Heap_Mem
    startup_stm32f10x_cl.o(.text) refers to startup_stm32f10x_cl.o(STACK) for Stack_Mem
    system_stm32f10x.o(.text) refers to system_stm32f10x.o(.data) for SystemCoreClock
    use_no_semi_2.o(.text) refers (Special) to use_no_semi.o(.text) for __use_no_semihosting_swi
    __2printf.o(.text) refers to _printf_char_file.o(.text) for _printf_char_file
    __2printf.o(.text) refers to main.o(.data) for __stdout
    noretval__2printf.o(.text) refers to _printf_char_file.o(.text) for _printf_char_file
    noretval__2printf.o(.text) refers to main.o(.data) for __stdout
    __printf.o(.text) refers to _printf_percent.o(.ARM.Collect$$_printf_percent$$00000000) for _printf_percent
    _printf_str.o(.text) refers (Special) to _printf_char.o(.text) for _printf_cs_common
    _printf_str.o(.text) refers (Weak) to _printf_pad.o(.text) for _printf_pre_padding
    _printf_str.o(.text) refers (Weak) to _printf_pad.o(.text) for _printf_post_padding
    _printf_dec.o(.text) refers to _printf_intcommon.o(.text) for _printf_int_common
    _printf_hex_ll.o(.text) refers to _printf_intcommon.o(.text) for _printf_int_common
    _printf_hex_ll.o(.text) refers to _printf_hex_ll.o(.constdata) for .constdata
    _printf_hex_int.o(.text) refers to _printf_intcommon.o(.text) for _printf_int_common
    _printf_hex_int.o(.text) refers to _printf_hex_int.o(.constdata) for .constdata
    _printf_hex_int_ll.o(.text) refers to _printf_intcommon.o(.text) for _printf_int_common
    _printf_hex_int_ll.o(.text) refers to _printf_hex_int_ll.o(.constdata) for .constdata
    _printf_hex_ptr.o(.text) refers to _printf_intcommon.o(.text) for _printf_int_common
    _printf_hex_ptr.o(.text) refers to _printf_hex_ptr.o(.constdata) for .constdata
    _printf_hex_int_ptr.o(.text) refers to _printf_intcommon.o(.text) for _printf_int_common
    _printf_hex_int_ptr.o(.text) refers to _printf_hex_int_ptr.o(.constdata) for .constdata
    _printf_hex_ll_ptr.o(.text) refers to _printf_intcommon.o(.text) for _printf_int_common
    _printf_hex_ll_ptr.o(.text) refers to _printf_hex_ll_ptr.o(.constdata) for .constdata
    _printf_hex_int_ll_ptr.o(.text) refers to _printf_intcommon.o(.text) for _printf_int_common
    _printf_hex_int_ll_ptr.o(.text) refers to _printf_hex_int_ll_ptr.o(.constdata) for .constdata
    __printf_flags.o(.text) refers to _printf_percent.o(.ARM.Collect$$_printf_percent$$00000000) for _printf_percent
    __printf_flags.o(.text) refers to __printf_flags.o(.constdata) for .constdata
    __printf_ss.o(.text) refers to _printf_percent.o(.ARM.Collect$$_printf_percent$$00000000) for _printf_percent
    __printf_flags_ss.o(.text) refers to _printf_percent.o(.ARM.Collect$$_printf_percent$$00000000) for _printf_percent
    __printf_flags_ss.o(.text) refers to __printf_flags_ss.o(.constdata) for .constdata
    __printf_wp.o(.text) refers to __printf_wp.o(i._is_digit) for _is_digit
    __printf_wp.o(.text) refers to _printf_percent.o(.ARM.Collect$$_printf_percent$$00000000) for _printf_percent
    __printf_flags_wp.o(.text) refers to __printf_wp.o(i._is_digit) for _is_digit
    __printf_flags_wp.o(.text) refers to _printf_percent.o(.ARM.Collect$$_printf_percent$$00000000) for _printf_percent
    __printf_flags_wp.o(.text) refers to __printf_flags_wp.o(.constdata) for .constdata
    __printf_ss_wp.o(.text) refers to __printf_wp.o(i._is_digit) for _is_digit
    __printf_ss_wp.o(.text) refers to _printf_percent.o(.ARM.Collect$$_printf_percent$$00000000) for _printf_percent
    __printf_flags_ss_wp.o(.text) refers to __printf_wp.o(i._is_digit) for _is_digit
    __printf_flags_ss_wp.o(.text) refers to _printf_percent.o(.ARM.Collect$$_printf_percent$$00000000) for _printf_percent
    __printf_flags_ss_wp.o(.text) refers to __printf_flags_ss_wp.o(.constdata) for .constdata
    _printf_s.o(.ARM.Collect$$_printf_percent$$00000014) refers (Weak) to _printf_char.o(.text) for _printf_string
    _printf_x.o(.ARM.Collect$$_printf_percent$$0000000C) refers (Weak) to _printf_hex_int.o(.text) for _printf_int_hex
    _printf_d.o(.ARM.Collect$$_printf_percent$$00000009) refers (Weak) to _printf_dec.o(.text) for _printf_int_dec
    _printf_percent.o(.ARM.Collect$$_printf_percent$$00000000) refers (Special) to _printf_percent_end.o(.ARM.Collect$$_printf_percent$$00000017) for _printf_percent_end
    __main.o(!!!main) refers to __rtentry.o(.ARM.Collect$$rtentry$$00000000) for __rt_entry
    __rtentry.o(.ARM.Collect$$rtentry$$00000000) refers (Special) to __rtentry2.o(.ARM.Collect$$rtentry$$0000000A) for __rt_entry_li
    __rtentry.o(.ARM.Collect$$rtentry$$00000000) refers (Special) to __rtentry2.o(.ARM.Collect$$rtentry$$0000000D) for __rt_entry_main
    __rtentry.o(.ARM.Collect$$rtentry$$00000000) refers (Special) to __rtentry2.o(.ARM.Collect$$rtentry$$0000000C) for __rt_entry_postli_1
    __rtentry.o(.ARM.Collect$$rtentry$$00000000) refers (Special) to __rtentry2.o(.ARM.Collect$$rtentry$$00000009) for __rt_entry_postsh_1
    __rtentry.o(.ARM.Collect$$rtentry$$00000000) refers (Special) to __rtentry2.o(.ARM.Collect$$rtentry$$00000002) for __rt_entry_presh_1
    __rtentry.o(.ARM.Collect$$rtentry$$00000000) refers (Special) to __rtentry4.o(.ARM.Collect$$rtentry$$00000004) for __rt_entry_sh
    _printf_intcommon.o(.text) refers (Weak) to _printf_pad.o(.text) for _printf_pre_padding
    _printf_intcommon.o(.text) refers (Weak) to _printf_pad.o(.text) for _printf_pre_padding
    _printf_intcommon.o(.text) refers (Weak) to _printf_pad.o(.text) for _printf_post_padding
    _printf_char.o(.text) refers (Weak) to _printf_str.o(.text) for _printf_str
    _printf_char_file.o(.text) refers to _printf_char_common.o(.text) for _printf_char_common
    _printf_char_file.o(.text) refers to ferror.o(.text) for ferror
    _printf_char_file.o(.text) refers to main.o(.text) for fputc
    __rtentry2.o(.ARM.Collect$$rtentry$$00000008) refers to boardinit2.o(.text) for _platform_post_stackheap_init
    __rtentry2.o(.ARM.Collect$$rtentry$$0000000A) refers to libinit.o(.ARM.Collect$$libinit$$00000000) for __rt_lib_init
    __rtentry2.o(.ARM.Collect$$rtentry$$0000000B) refers to boardinit3.o(.text) for _platform_post_lib_init
    __rtentry2.o(.ARM.Collect$$rtentry$$0000000D) refers to main.o(.text) for main
    __rtentry2.o(.ARM.Collect$$rtentry$$0000000D) refers to exit.o(.text) for exit
    __rtentry2.o(.ARM.exidx) refers to __rtentry2.o(.ARM.Collect$$rtentry$$00000001) for .ARM.Collect$$rtentry$$00000001
    __rtentry2.o(.ARM.exidx) refers to __rtentry2.o(.ARM.Collect$$rtentry$$00000008) for .ARM.Collect$$rtentry$$00000008
    __rtentry2.o(.ARM.exidx) refers to __rtentry2.o(.ARM.Collect$$rtentry$$0000000A) for .ARM.Collect$$rtentry$$0000000A
    __rtentry2.o(.ARM.exidx) refers to __rtentry2.o(.ARM.Collect$$rtentry$$0000000B) for .ARM.Collect$$rtentry$$0000000B
    __rtentry2.o(.ARM.exidx) refers to __rtentry2.o(.ARM.Collect$$rtentry$$0000000D) for .ARM.Collect$$rtentry$$0000000D
    __rtentry4.o(.ARM.Collect$$rtentry$$00000004) refers to sys_stackheap_outer.o(.text) for __user_setup_stackheap
    __rtentry4.o(.ARM.exidx) refers to __rtentry4.o(.ARM.Collect$$rtentry$$00000004) for .ARM.Collect$$rtentry$$00000004
    _printf_char_common.o(.text) refers to __printf_flags_wp.o(.text) for __printf
    sys_stackheap_outer.o(.text) refers to libspace.o(.text) for __user_perproc_libspace
    sys_stackheap_outer.o(.text) refers to startup_stm32f10x_cl.o(.text) for __user_initial_stackheap
    exit.o(.text) refers to rtexit.o(.ARM.Collect$$rtexit$$00000000) for __rt_exit
    libinit.o(.ARM.Collect$$libinit$$00000000) refers (Special) to libinit2.o(.ARM.Collect$$libinit$$0000002E) for __rt_lib_init_alloca_1
    libinit.o(.ARM.Collect$$libinit$$00000000) refers (Special) to libinit2.o(.ARM.Collect$$libinit$$0000002C) for __rt_lib_init_argv_1
    libinit.o(.ARM.Collect$$libinit$$00000000) refers (Special) to libinit2.o(.ARM.Collect$$libinit$$0000001B) for __rt_lib_init_atexit_1
    libinit.o(.ARM.Collect$$libinit$$00000000) refers (Special) to libinit2.o(.ARM.Collect$$libinit$$00000021) for __rt_lib_init_clock_1
    libinit.o(.ARM.Collect$$libinit$$00000000) refers (Special) to libinit2.o(.ARM.Collect$$libinit$$00000032) for __rt_lib_init_cpp_1
    libinit.o(.ARM.Collect$$libinit$$00000000) refers (Special) to libinit2.o(.ARM.Collect$$libinit$$00000030) for __rt_lib_init_exceptions_1
    libinit.o(.ARM.Collect$$libinit$$00000000) refers (Special) to libinit2.o(.ARM.Collect$$libinit$$00000002) for __rt_lib_init_fp_1
    libinit.o(.ARM.Collect$$libinit$$00000000) refers (Special) to libinit2.o(.ARM.Collect$$libinit$$0000001F) for __rt_lib_init_fp_trap_1
    libinit.o(.ARM.Collect$$libinit$$00000000) refers (Special) to libinit2.o(.ARM.Collect$$libinit$$00000023) for __rt_lib_init_getenv_1
    libinit.o(.ARM.Collect$$libinit$$00000000) refers (Special) to libinit2.o(.ARM.Collect$$libinit$$0000000A) for __rt_lib_init_heap_1
    libinit.o(.ARM.Collect$$libinit$$00000000) refers (Special) to libinit2.o(.ARM.Collect$$libinit$$00000011) for __rt_lib_init_lc_collate_1
    libinit.o(.ARM.Collect$$libinit$$00000000) refers (Special) to libinit2.o(.ARM.Collect$$libinit$$00000013) for __rt_lib_init_lc_ctype_1
    libinit.o(.ARM.Collect$$libinit$$00000000) refers (Special) to libinit2.o(.ARM.Collect$$libinit$$00000015) for __rt_lib_init_lc_monetary_1
    libinit.o(.ARM.Collect$$libinit$$00000000) refers (Special) to libinit2.o(.ARM.Collect$$libinit$$00000017) for __rt_lib_init_lc_numeric_1
    libinit.o(.ARM.Collect$$libinit$$00000000) refers (Special) to libinit2.o(.ARM.Collect$$libinit$$00000019) for __rt_lib_init_lc_time_1
    libinit.o(.ARM.Collect$$libinit$$00000000) refers (Special) to libinit2.o(.ARM.Collect$$libinit$$00000004) for __rt_lib_init_preinit_1
    libinit.o(.ARM.Collect$$libinit$$00000000) refers (Special) to libinit2.o(.ARM.Collect$$libinit$$0000000E) for __rt_lib_init_rand_1
    libinit.o(.ARM.Collect$$libinit$$00000000) refers (Special) to libinit2.o(.ARM.Collect$$libinit$$00000033) for __rt_lib_init_return
    libinit.o(.ARM.Collect$$libinit$$00000000) refers (Special) to libinit2.o(.ARM.Collect$$libinit$$0000001D) for __rt_lib_init_signal_1
    libinit.o(.ARM.Collect$$libinit$$00000000) refers (Special) to libinit2.o(.ARM.Collect$$libinit$$00000025) for __rt_lib_init_stdio_1
    libinit.o(.ARM.Collect$$libinit$$00000000) refers (Special) to libinit2.o(.ARM.Collect$$libinit$$0000000C) for __rt_lib_init_user_alloc_1
    libspace.o(.text) refers to libspace.o(.bss) for __libspace_start
    rtexit.o(.ARM.Collect$$rtexit$$00000000) refers (Special) to rtexit2.o(.ARM.Collect$$rtexit$$00000004) for __rt_exit_exit
    rtexit.o(.ARM.Collect$$rtexit$$00000000) refers (Special) to rtexit2.o(.ARM.Collect$$rtexit$$00000003) for __rt_exit_ls
    rtexit.o(.ARM.Collect$$rtexit$$00000000) refers (Special) to rtexit2.o(.ARM.Collect$$rtexit$$00000002) for __rt_exit_prels_1
    rtexit.o(.ARM.exidx) refers (Special) to rtexit2.o(.ARM.Collect$$rtexit$$00000004) for __rt_exit_exit
    rtexit.o(.ARM.exidx) refers (Special) to rtexit2.o(.ARM.Collect$$rtexit$$00000003) for __rt_exit_ls
    rtexit.o(.ARM.exidx) refers (Special) to rtexit2.o(.ARM.Collect$$rtexit$$00000002) for __rt_exit_prels_1
    rtexit.o(.ARM.exidx) refers to rtexit.o(.ARM.Collect$$rtexit$$00000000) for .ARM.Collect$$rtexit$$00000000
    libinit2.o(.ARM.Collect$$libinit$$00000010) refers to libinit2.o(.ARM.Collect$$libinit$$0000000F) for .ARM.Collect$$libinit$$0000000F
    libinit2.o(.ARM.Collect$$libinit$$00000012) refers to libinit2.o(.ARM.Collect$$libinit$$0000000F) for .ARM.Collect$$libinit$$0000000F
    libinit2.o(.ARM.Collect$$libinit$$00000014) refers to libinit2.o(.ARM.Collect$$libinit$$0000000F) for .ARM.Collect$$libinit$$0000000F
    libinit2.o(.ARM.Collect$$libinit$$00000016) refers to libinit2.o(.ARM.Collect$$libinit$$0000000F) for .ARM.Collect$$libinit$$0000000F
    libinit2.o(.ARM.Collect$$libinit$$00000018) refers to libinit2.o(.ARM.Collect$$libinit$$0000000F) for .ARM.Collect$$libinit$$0000000F
    libinit2.o(.ARM.Collect$$libinit$$00000026) refers to argv_veneer.o(.emb_text) for __ARM_argv_veneer
    libinit2.o(.ARM.Collect$$libinit$$00000027) refers to argv_veneer.o(.emb_text) for __ARM_argv_veneer
    rtexit2.o(.ARM.Collect$$rtexit$$00000003) refers to libshutdown.o(.ARM.Collect$$libshutdown$$00000000) for __rt_lib_shutdown
    rtexit2.o(.ARM.Collect$$rtexit$$00000004) refers to main.o(.text) for _sys_exit
    rtexit2.o(.ARM.exidx) refers to rtexit2.o(.ARM.Collect$$rtexit$$00000001) for .ARM.Collect$$rtexit$$00000001
    rtexit2.o(.ARM.exidx) refers to rtexit2.o(.ARM.Collect$$rtexit$$00000003) for .ARM.Collect$$rtexit$$00000003
    rtexit2.o(.ARM.exidx) refers to rtexit2.o(.ARM.Collect$$rtexit$$00000004) for .ARM.Collect$$rtexit$$00000004
    argv_veneer.o(.emb_text) refers to no_argv.o(.text) for __ARM_get_argv
    _get_argv_nomalloc.o(.text) refers (Special) to hrguard.o(.text) for __heap_region$guard
    _get_argv_nomalloc.o(.text) refers to defsig_rtmem_outer.o(.text) for __rt_SIGRTMEM
    _get_argv_nomalloc.o(.text) refers to sys_command.o(.text) for _sys_command_string
    libshutdown.o(.ARM.Collect$$libshutdown$$00000000) refers (Special) to libshutdown2.o(.ARM.Collect$$libshutdown$$00000002) for __rt_lib_shutdown_cpp_1
    libshutdown.o(.ARM.Collect$$libshutdown$$00000000) refers (Special) to libshutdown2.o(.ARM.Collect$$libshutdown$$00000007) for __rt_lib_shutdown_fp_trap_1
    libshutdown.o(.ARM.Collect$$libshutdown$$00000000) refers (Special) to libshutdown2.o(.ARM.Collect$$libshutdown$$0000000F) for __rt_lib_shutdown_heap_1
    libshutdown.o(.ARM.Collect$$libshutdown$$00000000) refers (Special) to libshutdown2.o(.ARM.Collect$$libshutdown$$00000010) for __rt_lib_shutdown_return
    libshutdown.o(.ARM.Collect$$libshutdown$$00000000) refers (Special) to libshutdown2.o(.ARM.Collect$$libshutdown$$0000000A) for __rt_lib_shutdown_signal_1
    libshutdown.o(.ARM.Collect$$libshutdown$$00000000) refers (Special) to libshutdown2.o(.ARM.Collect$$libshutdown$$00000004) for __rt_lib_shutdown_stdio_1
    libshutdown.o(.ARM.Collect$$libshutdown$$00000000) refers (Special) to libshutdown2.o(.ARM.Collect$$libshutdown$$0000000C) for __rt_lib_shutdown_user_alloc_1
    sys_command.o(.text) refers (Special) to use_no_semi.o(.text) for __I$use$semihosting
    sys_command.o(.text) refers (Special) to indicate_semi.o(.text) for __semihosting_library_function
    defsig_rtmem_outer.o(.text) refers to defsig_rtmem_inner.o(.text) for __rt_SIGRTMEM_inner
    defsig_rtmem_outer.o(.text) refers to defsig_exit.o(.text) for __sig_exit
    defsig_rtmem_formal.o(.text) refers to rt_raise.o(.text) for __rt_raise
    rt_raise.o(.text) refers to __raise.o(.text) for __raise
    rt_raise.o(.text) refers to main.o(.text) for _sys_exit
    defsig_exit.o(.text) refers to main.o(.text) for _sys_exit
    defsig_rtmem_inner.o(.text) refers to defsig_general.o(.text) for __default_signal_display
    __raise.o(.text) refers to defsig.o(CL$$defsig) for __default_signal_handler
    defsig_general.o(.text) refers to sys_wrch.o(.text) for _ttywrch
    sys_wrch.o(.text) refers (Special) to use_no_semi.o(.text) for __I$use$semihosting
    sys_wrch.o(.text) refers (Special) to indicate_semi.o(.text) for __semihosting_library_function
    defsig.o(CL$$defsig) refers to defsig_rtmem_inner.o(.text) for __rt_SIGRTMEM_inner
    defsig_abrt_inner.o(.text) refers to defsig_general.o(.text) for __default_signal_display
    defsig_fpe_inner.o(.text) refers to defsig_general.o(.text) for __default_signal_display
    defsig_rtred_inner.o(.text) refers to defsig_general.o(.text) for __default_signal_display
    defsig_stak_inner.o(.text) refers to defsig_general.o(.text) for __default_signal_display
    defsig_pvfn_inner.o(.text) refers to defsig_general.o(.text) for __default_signal_display
    defsig_cppl_inner.o(.text) refers to defsig_general.o(.text) for __default_signal_display
    defsig_segv_inner.o(.text) refers to defsig_general.o(.text) for __default_signal_display
    defsig_other.o(.text) refers to defsig_general.o(.text) for __default_signal_display


==============================================================================

Removing Unused input sections from the image.

    Removing main.o(.emb_text), (8 bytes).
    Removing system_stm32f10x.o(.emb_text), (8 bytes).
    Removing vt_i2c.o(.rev16_text), (4 bytes).
    Removing vt_i2c.o(.revsh_text), (4 bytes).
    Removing vt_it.o(.rev16_text), (4 bytes).
    Removing vt_it.o(.revsh_text), (4 bytes).
    Removing vt_driver.o(.rev16_text), (4 bytes).
    Removing vt_driver.o(.revsh_text), (4 bytes).

8 unused section(s) (total 40 bytes) removed from the image.

==============================================================================

Image Symbol Table

    Local Symbols

    Symbol Name                              Value     Ov Type        Size  Object(Section)

    ../clib/angel/boardlib.s                 0x00000000   Number         0  boardinit1.o ABSOLUTE
    ../clib/angel/boardlib.s                 0x00000000   Number         0  boardinit3.o ABSOLUTE
    ../clib/angel/boardlib.s                 0x00000000   Number         0  boardinit2.o ABSOLUTE
    ../clib/angel/boardlib.s                 0x00000000   Number         0  boardshut.o ABSOLUTE
    ../clib/angel/handlers.s                 0x00000000   Number         0  __scatter_copy.o ABSOLUTE
    ../clib/angel/handlers.s                 0x00000000   Number         0  __scatter_zi.o ABSOLUTE
    ../clib/angel/kernel.s                   0x00000000   Number         0  __rtentry4.o ABSOLUTE
    ../clib/angel/kernel.s                   0x00000000   Number         0  rtexit.o ABSOLUTE
    ../clib/angel/kernel.s                   0x00000000   Number         0  __rtentry2.o ABSOLUTE
    ../clib/angel/kernel.s                   0x00000000   Number         0  __rtentry.o ABSOLUTE
    ../clib/angel/kernel.s                   0x00000000   Number         0  rtexit2.o ABSOLUTE
    ../clib/angel/rt.s                       0x00000000   Number         0  rt_raise.o ABSOLUTE
    ../clib/angel/scatter.s                  0x00000000   Number         0  __scatter.o ABSOLUTE
    ../clib/angel/startup.s                  0x00000000   Number         0  __main.o ABSOLUTE
    ../clib/angel/sys.s                      0x00000000   Number         0  sys_stackheap_outer.o ABSOLUTE
    ../clib/angel/sys.s                      0x00000000   Number         0  libspace.o ABSOLUTE
    ../clib/angel/sys.s                      0x00000000   Number         0  use_no_semi.o ABSOLUTE
    ../clib/angel/sys.s                      0x00000000   Number         0  indicate_semi.o ABSOLUTE
    ../clib/angel/sys.s                      0x00000000   Number         0  use_no_semi_2.o ABSOLUTE
    ../clib/angel/sysapp.c                   0x00000000   Number         0  sys_wrch.o ABSOLUTE
    ../clib/angel/sysapp.c                   0x00000000   Number         0  sys_command.o ABSOLUTE
    ../clib/armsys.c                         0x00000000   Number         0  no_argv.o ABSOLUTE
    ../clib/armsys.c                         0x00000000   Number         0  _get_argv_nomalloc.o ABSOLUTE
    ../clib/armsys.c                         0x00000000   Number         0  argv_veneer.o ABSOLUTE
    ../clib/armsys.c                         0x00000000   Number         0  argv_veneer.o ABSOLUTE
    ../clib/heapalloc.c                      0x00000000   Number         0  hrguard.o ABSOLUTE
    ../clib/heapaux.c                        0x00000000   Number         0  heapauxi.o ABSOLUTE
    ../clib/libinit.s                        0x00000000   Number         0  libinit2.o ABSOLUTE
    ../clib/libinit.s                        0x00000000   Number         0  libshutdown.o ABSOLUTE
    ../clib/libinit.s                        0x00000000   Number         0  libinit.o ABSOLUTE
    ../clib/libinit.s                        0x00000000   Number         0  libshutdown2.o ABSOLUTE
    ../clib/misc.s                           0x00000000   Number         0  printf_stubs.o ABSOLUTE
    ../clib/printf.c                         0x00000000   Number         0  _printf_char_common.o ABSOLUTE
    ../clib/printf.c                         0x00000000   Number         0  __printf_flags_ss_wp.o ABSOLUTE
    ../clib/printf.c                         0x00000000   Number         0  __printf_ss_wp.o ABSOLUTE
    ../clib/printf.c                         0x00000000   Number         0  __printf_flags_wp.o ABSOLUTE
    ../clib/printf.c                         0x00000000   Number         0  _printf_hex_int_ll.o ABSOLUTE
    ../clib/printf.c                         0x00000000   Number         0  _printf_hex_int_ptr.o ABSOLUTE
    ../clib/printf.c                         0x00000000   Number         0  _printf_hex_ll_ptr.o ABSOLUTE
    ../clib/printf.c                         0x00000000   Number         0  __2printf.o ABSOLUTE
    ../clib/printf.c                         0x00000000   Number         0  noretval__2printf.o ABSOLUTE
    ../clib/printf.c                         0x00000000   Number         0  _printf_hex_int_ll_ptr.o ABSOLUTE
    ../clib/printf.c                         0x00000000   Number         0  __printf.o ABSOLUTE
    ../clib/printf.c                         0x00000000   Number         0  _printf_pad.o ABSOLUTE
    ../clib/printf.c                         0x00000000   Number         0  _printf_dec.o ABSOLUTE
    ../clib/printf.c                         0x00000000   Number         0  __printf_flags.o ABSOLUTE
    ../clib/printf.c                         0x00000000   Number         0  _printf_hex_int.o ABSOLUTE
    ../clib/printf.c                         0x00000000   Number         0  _printf_str.o ABSOLUTE
    ../clib/printf.c                         0x00000000   Number         0  __printf_ss.o ABSOLUTE
    ../clib/printf.c                         0x00000000   Number         0  __printf_flags_ss.o ABSOLUTE
    ../clib/printf.c                         0x00000000   Number         0  _printf_hex_ptr.o ABSOLUTE
    ../clib/printf.c                         0x00000000   Number         0  __printf_wp.o ABSOLUTE
    ../clib/printf.c                         0x00000000   Number         0  _printf_intcommon.o ABSOLUTE
    ../clib/printf.c                         0x00000000   Number         0  _printf_char.o ABSOLUTE
    ../clib/printf.c                         0x00000000   Number         0  __printf_nopercent.o ABSOLUTE
    ../clib/printf.c                         0x00000000   Number         0  _printf_char_file.o ABSOLUTE
    ../clib/printf.c                         0x00000000   Number         0  _printf_hex_ll.o ABSOLUTE
    ../clib/printf_percent.s                 0x00000000   Number         0  _printf_d.o ABSOLUTE
    ../clib/printf_percent.s                 0x00000000   Number         0  _printf_s.o ABSOLUTE
    ../clib/printf_percent.s                 0x00000000   Number         0  _printf_x.o ABSOLUTE
    ../clib/printf_percent.s                 0x00000000   Number         0  _printf_percent_end.o ABSOLUTE
    ../clib/printf_percent.s                 0x00000000   Number         0  _printf_percent.o ABSOLUTE
    ../clib/signal.c                         0x00000000   Number         0  defsig_rtmem_outer.o ABSOLUTE
    ../clib/signal.c                         0x00000000   Number         0  defsig_stak_inner.o ABSOLUTE
    ../clib/signal.c                         0x00000000   Number         0  defsig_rtmem_formal.o ABSOLUTE
    ../clib/signal.c                         0x00000000   Number         0  defsig_pvfn_inner.o ABSOLUTE
    ../clib/signal.c                         0x00000000   Number         0  defsig_segv_inner.o ABSOLUTE
    ../clib/signal.c                         0x00000000   Number         0  defsig_other.o ABSOLUTE
    ../clib/signal.c                         0x00000000   Number         0  defsig_exit.o ABSOLUTE
    ../clib/signal.c                         0x00000000   Number         0  defsig_rtmem_inner.o ABSOLUTE
    ../clib/signal.c                         0x00000000   Number         0  __raise.o ABSOLUTE
    ../clib/signal.c                         0x00000000   Number         0  defsig_general.o ABSOLUTE
    ../clib/signal.c                         0x00000000   Number         0  defsig_cppl_inner.o ABSOLUTE
    ../clib/signal.c                         0x00000000   Number         0  defsig_abrt_inner.o ABSOLUTE
    ../clib/signal.c                         0x00000000   Number         0  defsig_fpe_inner.o ABSOLUTE
    ../clib/signal.c                         0x00000000   Number         0  defsig_rtred_inner.o ABSOLUTE
    ../clib/signal.s                         0x00000000   Number         0  defsig.o ABSOLUTE
    ../clib/stdio.c                          0x00000000   Number         0  ferror_locked.o ABSOLUTE
    ../clib/stdio.c                          0x00000000   Number         0  ferror.o ABSOLUTE
    ../clib/stdlib.c                         0x00000000   Number         0  exit.o ABSOLUTE
    ../fplib/fpinit.s                        0x00000000   Number         0  fpinit.o ABSOLUTE
    ..\CMSIS\Device\ST\STM32F10x\Source\Templates\arm\startup_stm32f10x_cl.s 0x00000000   Number         0  startup_stm32f10x_cl.o ABSOLUTE
    ..\CMSIS\Device\ST\STM32F10x\Source\Templates\system_stm32f10x.c 0x00000000   Number         0  system_stm32f10x.o ABSOLUTE
    ..\USER\I2C\vt_i2c.c                     0x00000000   Number         0  vt_i2c.o ABSOLUTE
    ..\USER\VT_IRQ\vt_it.c                   0x00000000   Number         0  vt_it.o ABSOLUTE
    ..\USER\main.c                           0x00000000   Number         0  main.o ABSOLUTE
    ..\USER\stm32fxxx_it.c                   0x00000000   Number         0  stm32fxxx_it.o ABSOLUTE
    ..\USER\vt_driver.c                      0x00000000   Number         0  vt_driver.o ABSOLUTE
    ..\\CMSIS\\Device\\ST\\STM32F10x\\Source\\Templates\\system_stm32f10x.c 0x00000000   Number         0  system_stm32f10x.o ABSOLUTE
    ..\\USER\\I2C\\vt_i2c.c                  0x00000000   Number         0  vt_i2c.o ABSOLUTE
    ..\\USER\\VT_IRQ\\vt_it.c                0x00000000   Number         0  vt_it.o ABSOLUTE
    ..\\USER\\main.c                         0x00000000   Number         0  main.o ABSOLUTE
    ..\\USER\\vt_driver.c                    0x00000000   Number         0  vt_driver.o ABSOLUTE
    dc.s                                     0x00000000   Number         0  dc.o ABSOLUTE
    RESET                                    0x08020000   Section      336  startup_stm32f10x_cl.o(RESET)
    !!!main                                  0x08020150   Section        8  __main.o(!!!main)
    !!!scatter                               0x08020158   Section       52  __scatter.o(!!!scatter)
    !!handler_copy                           0x0802018c   Section       26  __scatter_copy.o(!!handler_copy)
    !!handler_zi                             0x080201a8   Section       28  __scatter_zi.o(!!handler_zi)
    .ARM.Collect$$_printf_percent$$00000000  0x080201c4   Section        0  _printf_percent.o(.ARM.Collect$$_printf_percent$$00000000)
    .ARM.Collect$$_printf_percent$$00000009  0x080201c4   Section        6  _printf_d.o(.ARM.Collect$$_printf_percent$$00000009)
    .ARM.Collect$$_printf_percent$$0000000C  0x080201ca   Section        6  _printf_x.o(.ARM.Collect$$_printf_percent$$0000000C)
    .ARM.Collect$$_printf_percent$$00000014  0x080201d0   Section        6  _printf_s.o(.ARM.Collect$$_printf_percent$$00000014)
    .ARM.Collect$$_printf_percent$$00000017  0x080201d6   Section        4  _printf_percent_end.o(.ARM.Collect$$_printf_percent$$00000017)
    .ARM.Collect$$libinit$$00000000          0x080201da   Section        2  libinit.o(.ARM.Collect$$libinit$$00000000)
    .ARM.Collect$$libinit$$00000002          0x080201dc   Section        0  libinit2.o(.ARM.Collect$$libinit$$00000002)
    .ARM.Collect$$libinit$$00000004          0x080201dc   Section        0  libinit2.o(.ARM.Collect$$libinit$$00000004)
    .ARM.Collect$$libinit$$0000000A          0x080201dc   Section        0  libinit2.o(.ARM.Collect$$libinit$$0000000A)
    .ARM.Collect$$libinit$$0000000C          0x080201dc   Section        0  libinit2.o(.ARM.Collect$$libinit$$0000000C)
    .ARM.Collect$$libinit$$0000000E          0x080201dc   Section        0  libinit2.o(.ARM.Collect$$libinit$$0000000E)
    .ARM.Collect$$libinit$$00000011          0x080201dc   Section        0  libinit2.o(.ARM.Collect$$libinit$$00000011)
    .ARM.Collect$$libinit$$00000013          0x080201dc   Section        0  libinit2.o(.ARM.Collect$$libinit$$00000013)
    .ARM.Collect$$libinit$$00000015          0x080201dc   Section        0  libinit2.o(.ARM.Collect$$libinit$$00000015)
    .ARM.Collect$$libinit$$00000017          0x080201dc   Section        0  libinit2.o(.ARM.Collect$$libinit$$00000017)
    .ARM.Collect$$libinit$$00000019          0x080201dc   Section        0  libinit2.o(.ARM.Collect$$libinit$$00000019)
    .ARM.Collect$$libinit$$0000001B          0x080201dc   Section        0  libinit2.o(.ARM.Collect$$libinit$$0000001B)
    .ARM.Collect$$libinit$$0000001D          0x080201dc   Section        0  libinit2.o(.ARM.Collect$$libinit$$0000001D)
    .ARM.Collect$$libinit$$0000001F          0x080201dc   Section        0  libinit2.o(.ARM.Collect$$libinit$$0000001F)
    .ARM.Collect$$libinit$$00000021          0x080201dc   Section        0  libinit2.o(.ARM.Collect$$libinit$$00000021)
    .ARM.Collect$$libinit$$00000023          0x080201dc   Section        0  libinit2.o(.ARM.Collect$$libinit$$00000023)
    .ARM.Collect$$libinit$$00000025          0x080201dc   Section        0  libinit2.o(.ARM.Collect$$libinit$$00000025)
    .ARM.Collect$$libinit$$0000002C          0x080201dc   Section        0  libinit2.o(.ARM.Collect$$libinit$$0000002C)
    .ARM.Collect$$libinit$$0000002E          0x080201dc   Section        0  libinit2.o(.ARM.Collect$$libinit$$0000002E)
    .ARM.Collect$$libinit$$00000030          0x080201dc   Section        0  libinit2.o(.ARM.Collect$$libinit$$00000030)
    .ARM.Collect$$libinit$$00000032          0x080201dc   Section        0  libinit2.o(.ARM.Collect$$libinit$$00000032)
    .ARM.Collect$$libinit$$00000033          0x080201dc   Section        2  libinit2.o(.ARM.Collect$$libinit$$00000033)
    .ARM.Collect$$libshutdown$$00000000      0x080201de   Section        2  libshutdown.o(.ARM.Collect$$libshutdown$$00000000)
    .ARM.Collect$$libshutdown$$00000002      0x080201e0   Section        0  libshutdown2.o(.ARM.Collect$$libshutdown$$00000002)
    .ARM.Collect$$libshutdown$$00000004      0x080201e0   Section        0  libshutdown2.o(.ARM.Collect$$libshutdown$$00000004)
    .ARM.Collect$$libshutdown$$00000007      0x080201e0   Section        0  libshutdown2.o(.ARM.Collect$$libshutdown$$00000007)
    .ARM.Collect$$libshutdown$$0000000A      0x080201e0   Section        0  libshutdown2.o(.ARM.Collect$$libshutdown$$0000000A)
    .ARM.Collect$$libshutdown$$0000000C      0x080201e0   Section        0  libshutdown2.o(.ARM.Collect$$libshutdown$$0000000C)
    .ARM.Collect$$libshutdown$$0000000F      0x080201e0   Section        0  libshutdown2.o(.ARM.Collect$$libshutdown$$0000000F)
    .ARM.Collect$$libshutdown$$00000010      0x080201e0   Section        2  libshutdown2.o(.ARM.Collect$$libshutdown$$00000010)
    .ARM.Collect$$rtentry$$00000000          0x080201e2   Section        0  __rtentry.o(.ARM.Collect$$rtentry$$00000000)
    .ARM.Collect$$rtentry$$00000002          0x080201e2   Section        0  __rtentry2.o(.ARM.Collect$$rtentry$$00000002)
    .ARM.Collect$$rtentry$$00000004          0x080201e2   Section        6  __rtentry4.o(.ARM.Collect$$rtentry$$00000004)
    .ARM.Collect$$rtentry$$00000009          0x080201e8   Section        0  __rtentry2.o(.ARM.Collect$$rtentry$$00000009)
    .ARM.Collect$$rtentry$$0000000A          0x080201e8   Section        4  __rtentry2.o(.ARM.Collect$$rtentry$$0000000A)
    .ARM.Collect$$rtentry$$0000000C          0x080201ec   Section        0  __rtentry2.o(.ARM.Collect$$rtentry$$0000000C)
    .ARM.Collect$$rtentry$$0000000D          0x080201ec   Section        8  __rtentry2.o(.ARM.Collect$$rtentry$$0000000D)
    .ARM.Collect$$rtexit$$00000000           0x080201f4   Section        2  rtexit.o(.ARM.Collect$$rtexit$$00000000)
    .ARM.Collect$$rtexit$$00000002           0x080201f6   Section        0  rtexit2.o(.ARM.Collect$$rtexit$$00000002)
    .ARM.Collect$$rtexit$$00000003           0x080201f6   Section        4  rtexit2.o(.ARM.Collect$$rtexit$$00000003)
    .ARM.Collect$$rtexit$$00000004           0x080201fa   Section        6  rtexit2.o(.ARM.Collect$$rtexit$$00000004)
    .text                                    0x08020200   Section        0  main.o(.text)
    .text                                    0x080204a4   Section        0  stm32fxxx_it.o(.text)
    .text                                    0x08020540   Section       64  startup_stm32f10x_cl.o(.text)
    .text                                    0x08020580   Section        0  system_stm32f10x.o(.text)
    SetSysClockTo72                          0x08020581   Thumb Code   264  system_stm32f10x.o(.text)
    SetSysClock                              0x08020689   Thumb Code     8  system_stm32f10x.o(.text)
    .text                                    0x0802080c   Section        0  vt_i2c.o(.text)
    .text                                    0x08020978   Section        0  vt_it.o(.text)
    .text                                    0x08020a30   Section        0  vt_driver.o(.text)
    .text                                    0x08020a90   Section        2  use_no_semi_2.o(.text)
    .text                                    0x08020a94   Section        0  noretval__2printf.o(.text)
    .text                                    0x08020aac   Section        0  _printf_pad.o(.text)
    .text                                    0x08020afa   Section        0  _printf_str.o(.text)
    .text                                    0x08020b4c   Section        0  _printf_dec.o(.text)
    .text                                    0x08020bc4   Section        0  _printf_hex_int.o(.text)
    .text                                    0x08020c1c   Section        0  __printf_flags_wp.o(.text)
    .text                                    0x08020d54   Section        0  heapauxi.o(.text)
    .text                                    0x08020d5a   Section        2  use_no_semi.o(.text)
    .text                                    0x08020d5c   Section        0  _printf_intcommon.o(.text)
    .text                                    0x08020e0e   Section        0  _printf_char.o(.text)
    .text                                    0x08020e3c   Section        0  _printf_char_file.o(.text)
    .text                                    0x08020e60   Section        0  _printf_char_common.o(.text)
    _printf_input_char                       0x08020e61   Thumb Code    10  _printf_char_common.o(.text)
    .text                                    0x08020e90   Section        0  ferror.o(.text)
    .text                                    0x08020e98   Section       74  sys_stackheap_outer.o(.text)
    .text                                    0x08020ee2   Section        0  exit.o(.text)
    .text                                    0x08020ef4   Section        8  libspace.o(.text)
    i._is_digit                              0x08020efc   Section        0  __printf_wp.o(i._is_digit)
    .constdata                               0x08020f0a   Section       40  _printf_hex_int.o(.constdata)
    uc_hextab                                0x08020f0a   Data          20  _printf_hex_int.o(.constdata)
    lc_hextab                                0x08020f1e   Data          20  _printf_hex_int.o(.constdata)
    .constdata                               0x08020f32   Section       17  __printf_flags_wp.o(.constdata)
    maptable                                 0x08020f32   Data          17  __printf_flags_wp.o(.constdata)
    .data                                    0x20008000   Section        4  main.o(.data)
    .data                                    0x20008004   Section       20  system_stm32f10x.o(.data)
    .bss                                     0x20008018   Section       96  libspace.o(.bss)
    HEAP                                     0x20008078   Section      512  startup_stm32f10x_cl.o(HEAP)
    Heap_Mem                                 0x20008078   Data         512  startup_stm32f10x_cl.o(HEAP)
    STACK                                    0x20008278   Section     2048  startup_stm32f10x_cl.o(STACK)
    Stack_Mem                                0x20008278   Data        2048  startup_stm32f10x_cl.o(STACK)
    __initial_sp                             0x20008a78   Data           0  startup_stm32f10x_cl.o(STACK)

    Global Symbols

    Symbol Name                              Value     Ov Type        Size  Object(Section)

    BuildAttributes$$THM_ISAv4$P$D$K$B$S$PE$A:L22UL41UL21$X:L11$S22US41US21$IEEE1$IW$USESV6$~STKCKD$USESV7$~SHL$OSPACE$ROPI$EBA8$UX$STANDARDLIB$REQ8$PRES8$EABIv2 0x00000000   Number         0  anon$$obj.o ABSOLUTE
    __ARM_use_no_argv                        0x00000000   Number         0  main.o ABSOLUTE
    _printf_flags                            0x00000000   Number         0  printf_stubs.o ABSOLUTE
    _printf_return_value                     0x00000000   Number         0  printf_stubs.o ABSOLUTE
    _printf_sizespec                         0x00000000   Number         0  printf_stubs.o ABSOLUTE
    _printf_widthprec                        0x00000000   Number         0  printf_stubs.o ABSOLUTE
    __ARM_exceptions_init                     - Undefined Weak Reference
    __alloca_initialize                       - Undefined Weak Reference
    __arm_preinit_                            - Undefined Weak Reference
    __cpp_initialize__aeabi_                  - Undefined Weak Reference
    __cxa_finalize                            - Undefined Weak Reference
    __rt_locale                               - Undefined Weak Reference
    __sigvec_lookup                           - Undefined Weak Reference
    _atexit_init                              - Undefined Weak Reference
    _call_atexit_fns                          - Undefined Weak Reference
    _clock_init                               - Undefined Weak Reference
    _fp_trap_init                             - Undefined Weak Reference
    _fp_trap_shutdown                         - Undefined Weak Reference
    _get_lc_collate                           - Undefined Weak Reference
    _get_lc_ctype                             - Undefined Weak Reference
    _get_lc_monetary                          - Undefined Weak Reference
    _get_lc_numeric                           - Undefined Weak Reference
    _get_lc_time                              - Undefined Weak Reference
    _getenv_init                              - Undefined Weak Reference
    _handle_redirection                       - Undefined Weak Reference
    _init_alloc                               - Undefined Weak Reference
    _init_user_alloc                          - Undefined Weak Reference
    _initio                                   - Undefined Weak Reference
    _mutex_acquire                            - Undefined Weak Reference
    _mutex_release                            - Undefined Weak Reference
    _printf_mbtowc                            - Undefined Weak Reference
    _printf_truncate_signed                   - Undefined Weak Reference
    _printf_truncate_unsigned                 - Undefined Weak Reference
    _rand_init                                - Undefined Weak Reference
    _signal_finish                            - Undefined Weak Reference
    _signal_init                              - Undefined Weak Reference
    _terminate_alloc                          - Undefined Weak Reference
    _terminate_user_alloc                     - Undefined Weak Reference
    _terminateio                              - Undefined Weak Reference
    __Vectors_Size                           0x00000150   Number         0  startup_stm32f10x_cl.o ABSOLUTE
    __Vectors                                0x08020000   Data           4  startup_stm32f10x_cl.o(RESET)
    __Vectors_End                            0x08020150   Data           0  startup_stm32f10x_cl.o(RESET)
    __main                                   0x08020151   Thumb Code     8  __main.o(!!!main)
    __scatterload                            0x08020159   Thumb Code     0  __scatter.o(!!!scatter)
    __scatterload_rt2                        0x08020159   Thumb Code    44  __scatter.o(!!!scatter)
    __scatterload_rt2_thumb_only             0x08020159   Thumb Code     0  __scatter.o(!!!scatter)
    __scatterload_null                       0x08020167   Thumb Code     0  __scatter.o(!!!scatter)
    __scatterload_copy                       0x0802018d   Thumb Code    26  __scatter_copy.o(!!handler_copy)
    __scatterload_zeroinit                   0x080201a9   Thumb Code    28  __scatter_zi.o(!!handler_zi)
    _printf_d                                0x080201c5   Thumb Code     0  _printf_d.o(.ARM.Collect$$_printf_percent$$00000009)
    _printf_percent                          0x080201c5   Thumb Code     0  _printf_percent.o(.ARM.Collect$$_printf_percent$$00000000)
    _printf_x                                0x080201cb   Thumb Code     0  _printf_x.o(.ARM.Collect$$_printf_percent$$0000000C)
    _printf_s                                0x080201d1   Thumb Code     0  _printf_s.o(.ARM.Collect$$_printf_percent$$00000014)
    _printf_percent_end                      0x080201d7   Thumb Code     0  _printf_percent_end.o(.ARM.Collect$$_printf_percent$$00000017)
    __rt_lib_init                            0x080201db   Thumb Code     0  libinit.o(.ARM.Collect$$libinit$$00000000)
    __rt_lib_init_alloca_1                   0x080201dd   Thumb Code     0  libinit2.o(.ARM.Collect$$libinit$$0000002E)
    __rt_lib_init_argv_1                     0x080201dd   Thumb Code     0  libinit2.o(.ARM.Collect$$libinit$$0000002C)
    __rt_lib_init_atexit_1                   0x080201dd   Thumb Code     0  libinit2.o(.ARM.Collect$$libinit$$0000001B)
    __rt_lib_init_clock_1                    0x080201dd   Thumb Code     0  libinit2.o(.ARM.Collect$$libinit$$00000021)
    __rt_lib_init_cpp_1                      0x080201dd   Thumb Code     0  libinit2.o(.ARM.Collect$$libinit$$00000032)
    __rt_lib_init_exceptions_1               0x080201dd   Thumb Code     0  libinit2.o(.ARM.Collect$$libinit$$00000030)
    __rt_lib_init_fp_1                       0x080201dd   Thumb Code     0  libinit2.o(.ARM.Collect$$libinit$$00000002)
    __rt_lib_init_fp_trap_1                  0x080201dd   Thumb Code     0  libinit2.o(.ARM.Collect$$libinit$$0000001F)
    __rt_lib_init_getenv_1                   0x080201dd   Thumb Code     0  libinit2.o(.ARM.Collect$$libinit$$00000023)
    __rt_lib_init_heap_1                     0x080201dd   Thumb Code     0  libinit2.o(.ARM.Collect$$libinit$$0000000A)
    __rt_lib_init_lc_collate_1               0x080201dd   Thumb Code     0  libinit2.o(.ARM.Collect$$libinit$$00000011)
    __rt_lib_init_lc_ctype_1                 0x080201dd   Thumb Code     0  libinit2.o(.ARM.Collect$$libinit$$00000013)
    __rt_lib_init_lc_monetary_1              0x080201dd   Thumb Code     0  libinit2.o(.ARM.Collect$$libinit$$00000015)
    __rt_lib_init_lc_numeric_1               0x080201dd   Thumb Code     0  libinit2.o(.ARM.Collect$$libinit$$00000017)
    __rt_lib_init_lc_time_1                  0x080201dd   Thumb Code     0  libinit2.o(.ARM.Collect$$libinit$$00000019)
    __rt_lib_init_preinit_1                  0x080201dd   Thumb Code     0  libinit2.o(.ARM.Collect$$libinit$$00000004)
    __rt_lib_init_rand_1                     0x080201dd   Thumb Code     0  libinit2.o(.ARM.Collect$$libinit$$0000000E)
    __rt_lib_init_return                     0x080201dd   Thumb Code     0  libinit2.o(.ARM.Collect$$libinit$$00000033)
    __rt_lib_init_signal_1                   0x080201dd   Thumb Code     0  libinit2.o(.ARM.Collect$$libinit$$0000001D)
    __rt_lib_init_stdio_1                    0x080201dd   Thumb Code     0  libinit2.o(.ARM.Collect$$libinit$$00000025)
    __rt_lib_init_user_alloc_1               0x080201dd   Thumb Code     0  libinit2.o(.ARM.Collect$$libinit$$0000000C)
    __rt_lib_shutdown                        0x080201df   Thumb Code     0  libshutdown.o(.ARM.Collect$$libshutdown$$00000000)
    __rt_lib_shutdown_cpp_1                  0x080201e1   Thumb Code     0  libshutdown2.o(.ARM.Collect$$libshutdown$$00000002)
    __rt_lib_shutdown_fp_trap_1              0x080201e1   Thumb Code     0  libshutdown2.o(.ARM.Collect$$libshutdown$$00000007)
    __rt_lib_shutdown_heap_1                 0x080201e1   Thumb Code     0  libshutdown2.o(.ARM.Collect$$libshutdown$$0000000F)
    __rt_lib_shutdown_return                 0x080201e1   Thumb Code     0  libshutdown2.o(.ARM.Collect$$libshutdown$$00000010)
    __rt_lib_shutdown_signal_1               0x080201e1   Thumb Code     0  libshutdown2.o(.ARM.Collect$$libshutdown$$0000000A)
    __rt_lib_shutdown_stdio_1                0x080201e1   Thumb Code     0  libshutdown2.o(.ARM.Collect$$libshutdown$$00000004)
    __rt_lib_shutdown_user_alloc_1           0x080201e1   Thumb Code     0  libshutdown2.o(.ARM.Collect$$libshutdown$$0000000C)
    __rt_entry                               0x080201e3   Thumb Code     0  __rtentry.o(.ARM.Collect$$rtentry$$00000000)
    __rt_entry_presh_1                       0x080201e3   Thumb Code     0  __rtentry2.o(.ARM.Collect$$rtentry$$00000002)
    __rt_entry_sh                            0x080201e3   Thumb Code     0  __rtentry4.o(.ARM.Collect$$rtentry$$00000004)
    __rt_entry_li                            0x080201e9   Thumb Code     0  __rtentry2.o(.ARM.Collect$$rtentry$$0000000A)
    __rt_entry_postsh_1                      0x080201e9   Thumb Code     0  __rtentry2.o(.ARM.Collect$$rtentry$$00000009)
    __rt_entry_main                          0x080201ed   Thumb Code     0  __rtentry2.o(.ARM.Collect$$rtentry$$0000000D)
    __rt_entry_postli_1                      0x080201ed   Thumb Code     0  __rtentry2.o(.ARM.Collect$$rtentry$$0000000C)
    __rt_exit                                0x080201f5   Thumb Code     0  rtexit.o(.ARM.Collect$$rtexit$$00000000)
    __rt_exit_ls                             0x080201f7   Thumb Code     0  rtexit2.o(.ARM.Collect$$rtexit$$00000003)
    __rt_exit_prels_1                        0x080201f7   Thumb Code     0  rtexit2.o(.ARM.Collect$$rtexit$$00000002)
    __rt_exit_exit                           0x080201fb   Thumb Code     0  rtexit2.o(.ARM.Collect$$rtexit$$00000004)
    _sys_exit                                0x08020201   Thumb Code     8  main.o(.text)
    fputc                                    0x08020209   Thumb Code    24  main.o(.text)
    main                                     0x08020221   Thumb Code   350  main.o(.text)
    I2C1_EV_IRQHandler                       0x080204a5   Thumb Code     8  stm32fxxx_it.o(.text)
    I2C2_EV_IRQHandler                       0x080204ad   Thumb Code     8  stm32fxxx_it.o(.text)
    CAN1_RX0_IRQHandler                      0x080204b5   Thumb Code     8  stm32fxxx_it.o(.text)
    CAN1_RX1_IRQHandler                      0x080204bd   Thumb Code     8  stm32fxxx_it.o(.text)
    CAN2_RX0_IRQHandler                      0x080204c5   Thumb Code     8  stm32fxxx_it.o(.text)
    CAN2_RX1_IRQHandler                      0x080204cd   Thumb Code     8  stm32fxxx_it.o(.text)
    TIM2_IRQHandler                          0x080204d5   Thumb Code     8  stm32fxxx_it.o(.text)
    TIM3_IRQHandler                          0x080204dd   Thumb Code     8  stm32fxxx_it.o(.text)
    TIM4_IRQHandler                          0x080204e5   Thumb Code     8  stm32fxxx_it.o(.text)
    TIM5_IRQHandler                          0x080204ed   Thumb Code     8  stm32fxxx_it.o(.text)
    TIM6_IRQHandler                          0x080204f5   Thumb Code     8  stm32fxxx_it.o(.text)
    DMA1_Channel1_IRQHandler                 0x080204fd   Thumb Code     8  stm32fxxx_it.o(.text)
    DMA1_Channel3_IRQHandler                 0x08020505   Thumb Code     8  stm32fxxx_it.o(.text)
    USART1_IRQHandler                        0x0802050d   Thumb Code     8  stm32fxxx_it.o(.text)
    USART2_IRQHandler                        0x08020515   Thumb Code     8  stm32fxxx_it.o(.text)
    USART3_IRQHandler                        0x0802051d   Thumb Code     8  stm32fxxx_it.o(.text)
    NMI_Handler                              0x08020525   Thumb Code     2  stm32fxxx_it.o(.text)
    HardFault_Handler                        0x08020527   Thumb Code     4  stm32fxxx_it.o(.text)
    MemManage_Handler                        0x0802052b   Thumb Code     4  stm32fxxx_it.o(.text)
    BusFault_Handler                         0x0802052f   Thumb Code     4  stm32fxxx_it.o(.text)
    UsageFault_Handler                       0x08020533   Thumb Code     4  stm32fxxx_it.o(.text)
    SVC_Handler                              0x08020537   Thumb Code     2  stm32fxxx_it.o(.text)
    DebugMon_Handler                         0x08020539   Thumb Code     2  stm32fxxx_it.o(.text)
    PendSV_Handler                           0x0802053b   Thumb Code     2  stm32fxxx_it.o(.text)
    SysTick_Handler                          0x0802053d   Thumb Code     2  stm32fxxx_it.o(.text)
    Reset_Handler                            0x08020541   Thumb Code     8  startup_stm32f10x_cl.o(.text)
    ADC1_2_IRQHandler                        0x0802055b   Thumb Code     0  startup_stm32f10x_cl.o(.text)
    CAN1_SCE_IRQHandler                      0x0802055b   Thumb Code     0  startup_stm32f10x_cl.o(.text)
    CAN1_TX_IRQHandler                       0x0802055b   Thumb Code     0  startup_stm32f10x_cl.o(.text)
    CAN2_SCE_IRQHandler                      0x0802055b   Thumb Code     0  startup_stm32f10x_cl.o(.text)
    CAN2_TX_IRQHandler                       0x0802055b   Thumb Code     0  startup_stm32f10x_cl.o(.text)
    DMA1_Channel2_IRQHandler                 0x0802055b   Thumb Code     0  startup_stm32f10x_cl.o(.text)
    DMA1_Channel4_IRQHandler                 0x0802055b   Thumb Code     0  startup_stm32f10x_cl.o(.text)
    DMA1_Channel5_IRQHandler                 0x0802055b   Thumb Code     0  startup_stm32f10x_cl.o(.text)
    DMA1_Channel6_IRQHandler                 0x0802055b   Thumb Code     0  startup_stm32f10x_cl.o(.text)
    DMA1_Channel7_IRQHandler                 0x0802055b   Thumb Code     0  startup_stm32f10x_cl.o(.text)
    DMA2_Channel1_IRQHandler                 0x0802055b   Thumb Code     0  startup_stm32f10x_cl.o(.text)
    DMA2_Channel2_IRQHandler                 0x0802055b   Thumb Code     0  startup_stm32f10x_cl.o(.text)
    DMA2_Channel3_IRQHandler                 0x0802055b   Thumb Code     0  startup_stm32f10x_cl.o(.text)
    DMA2_Channel4_IRQHandler                 0x0802055b   Thumb Code     0  startup_stm32f10x_cl.o(.text)
    DMA2_Channel5_IRQHandler                 0x0802055b   Thumb Code     0  startup_stm32f10x_cl.o(.text)
    ETH_IRQHandler                           0x0802055b   Thumb Code     0  startup_stm32f10x_cl.o(.text)
    ETH_WKUP_IRQHandler                      0x0802055b   Thumb Code     0  startup_stm32f10x_cl.o(.text)
    EXTI0_IRQHandler                         0x0802055b   Thumb Code     0  startup_stm32f10x_cl.o(.text)
    EXTI15_10_IRQHandler                     0x0802055b   Thumb Code     0  startup_stm32f10x_cl.o(.text)
    EXTI1_IRQHandler                         0x0802055b   Thumb Code     0  startup_stm32f10x_cl.o(.text)
    EXTI2_IRQHandler                         0x0802055b   Thumb Code     0  startup_stm32f10x_cl.o(.text)
    EXTI3_IRQHandler                         0x0802055b   Thumb Code     0  startup_stm32f10x_cl.o(.text)
    EXTI4_IRQHandler                         0x0802055b   Thumb Code     0  startup_stm32f10x_cl.o(.text)
    EXTI9_5_IRQHandler                       0x0802055b   Thumb Code     0  startup_stm32f10x_cl.o(.text)
    FLASH_IRQHandler                         0x0802055b   Thumb Code     0  startup_stm32f10x_cl.o(.text)
    I2C1_ER_IRQHandler                       0x0802055b   Thumb Code     0  startup_stm32f10x_cl.o(.text)
    I2C2_ER_IRQHandler                       0x0802055b   Thumb Code     0  startup_stm32f10x_cl.o(.text)
    OTG_FS_IRQHandler                        0x0802055b   Thumb Code     0  startup_stm32f10x_cl.o(.text)
    OTG_FS_WKUP_IRQHandler                   0x0802055b   Thumb Code     0  startup_stm32f10x_cl.o(.text)
    PVD_IRQHandler                           0x0802055b   Thumb Code     0  startup_stm32f10x_cl.o(.text)
    RCC_IRQHandler                           0x0802055b   Thumb Code     0  startup_stm32f10x_cl.o(.text)
    RTCAlarm_IRQHandler                      0x0802055b   Thumb Code     0  startup_stm32f10x_cl.o(.text)
    RTC_IRQHandler                           0x0802055b   Thumb Code     0  startup_stm32f10x_cl.o(.text)
    SPI1_IRQHandler                          0x0802055b   Thumb Code     0  startup_stm32f10x_cl.o(.text)
    SPI2_IRQHandler                          0x0802055b   Thumb Code     0  startup_stm32f10x_cl.o(.text)
    SPI3_IRQHandler                          0x0802055b   Thumb Code     0  startup_stm32f10x_cl.o(.text)
    TAMPER_IRQHandler                        0x0802055b   Thumb Code     0  startup_stm32f10x_cl.o(.text)
    TIM1_BRK_IRQHandler                      0x0802055b   Thumb Code     0  startup_stm32f10x_cl.o(.text)
    TIM1_CC_IRQHandler                       0x0802055b   Thumb Code     0  startup_stm32f10x_cl.o(.text)
    TIM1_TRG_COM_IRQHandler                  0x0802055b   Thumb Code     0  startup_stm32f10x_cl.o(.text)
    TIM1_UP_IRQHandler                       0x0802055b   Thumb Code     0  startup_stm32f10x_cl.o(.text)
    TIM7_IRQHandler                          0x0802055b   Thumb Code     0  startup_stm32f10x_cl.o(.text)
    UART4_IRQHandler                         0x0802055b   Thumb Code     0  startup_stm32f10x_cl.o(.text)
    UART5_IRQHandler                         0x0802055b   Thumb Code     0  startup_stm32f10x_cl.o(.text)
    WWDG_IRQHandler                          0x0802055b   Thumb Code     0  startup_stm32f10x_cl.o(.text)
    __user_initial_stackheap                 0x0802055d   Thumb Code     0  startup_stm32f10x_cl.o(.text)
    SystemInit                               0x08020691   Thumb Code    96  system_stm32f10x.o(.text)
    SystemCoreClockUpdate                    0x080206f1   Thumb Code   232  system_stm32f10x.o(.text)
    VII_ScanDevice                           0x0802080d   Thumb Code    12  vt_i2c.o(.text)
    VII_OpenDevice                           0x08020819   Thumb Code    22  vt_i2c.o(.text)
    VII_CloseDevice                          0x0802082f   Thumb Code    18  vt_i2c.o(.text)
    VII_ReadBoardInfo                        0x08020841   Thumb Code    18  vt_i2c.o(.text)
    VII_TimeConfig                           0x08020853   Thumb Code    34  vt_i2c.o(.text)
    VII_InitI2C                              0x08020875   Thumb Code    34  vt_i2c.o(.text)
    VII_WriteBytes                           0x08020897   Thumb Code    42  vt_i2c.o(.text)
    VII_ReadBytes                            0x080208c1   Thumb Code    46  vt_i2c.o(.text)
    VII_SetUserKey                           0x080208ef   Thumb Code    22  vt_i2c.o(.text)
    VII_CheckUserKey                         0x08020905   Thumb Code    22  vt_i2c.o(.text)
    VII_SlaveReadBytes                       0x0802091b   Thumb Code    42  vt_i2c.o(.text)
    VII_SlaveWriteBytes                      0x08020945   Thumb Code    42  vt_i2c.o(.text)
    _I2C1_EV_IRQHandler                      0x08020979   Thumb Code     8  vt_it.o(.text)
    _I2C2_EV_IRQHandler                      0x08020981   Thumb Code     8  vt_it.o(.text)
    _TIM6_IRQHandler                         0x08020989   Thumb Code     8  vt_it.o(.text)
    _DMA1_Channel1_IRQHandler                0x08020991   Thumb Code     8  vt_it.o(.text)
    _TIM2_IRQHandler                         0x08020999   Thumb Code     8  vt_it.o(.text)
    _TIM3_IRQHandler                         0x080209a1   Thumb Code     8  vt_it.o(.text)
    _CAN1_RX0_IRQHandler                     0x080209a9   Thumb Code     8  vt_it.o(.text)
    _CAN1_RX1_IRQHandler                     0x080209b1   Thumb Code    10  vt_it.o(.text)
    _CAN2_RX0_IRQHandler                     0x080209bb   Thumb Code    10  vt_it.o(.text)
    _CAN2_RX1_IRQHandler                     0x080209c5   Thumb Code     8  vt_it.o(.text)
    _TIM4_IRQHandler                         0x080209cd   Thumb Code     8  vt_it.o(.text)
    _TIM5_IRQHandler                         0x080209d5   Thumb Code    10  vt_it.o(.text)
    _DMA1_Channel3_IRQHandler                0x080209df   Thumb Code     8  vt_it.o(.text)
    _USART1_IRQHandler                       0x080209e7   Thumb Code     8  vt_it.o(.text)
    _USART2_IRQHandler                       0x080209ef   Thumb Code    10  vt_it.o(.text)
    _USART3_IRQHandler                       0x080209f9   Thumb Code    10  vt_it.o(.text)
    Value_Back                               0x08020a31   Thumb Code    36  vt_driver.o(.text)
    Single_Reg_Value                         0x08020a55   Thumb Code    30  vt_driver.o(.text)
    sleep                                    0x08020a73   Thumb Code    12  vt_driver.o(.text)
    Sleep                                    0x08020a7f   Thumb Code    14  vt_driver.o(.text)
    __use_no_semihosting                     0x08020a91   Thumb Code     2  use_no_semi_2.o(.text)
    __2printf                                0x08020a95   Thumb Code    20  noretval__2printf.o(.text)
    _printf_pre_padding                      0x08020aad   Thumb Code    44  _printf_pad.o(.text)
    _printf_post_padding                     0x08020ad9   Thumb Code    34  _printf_pad.o(.text)
    _printf_str                              0x08020afb   Thumb Code    82  _printf_str.o(.text)
    _printf_int_dec                          0x08020b4d   Thumb Code   104  _printf_dec.o(.text)
    _printf_int_hex                          0x08020bc5   Thumb Code    84  _printf_hex_int.o(.text)
    _printf_longlong_hex                     0x08020bc5   Thumb Code     0  _printf_hex_int.o(.text)
    __printf                                 0x08020c1d   Thumb Code   308  __printf_flags_wp.o(.text)
    __use_two_region_memory                  0x08020d55   Thumb Code     2  heapauxi.o(.text)
    __rt_heap_escrow$2region                 0x08020d57   Thumb Code     2  heapauxi.o(.text)
    __rt_heap_expand$2region                 0x08020d59   Thumb Code     2  heapauxi.o(.text)
    __I$use$semihosting                      0x08020d5b   Thumb Code     0  use_no_semi.o(.text)
    __use_no_semihosting_swi                 0x08020d5b   Thumb Code     2  use_no_semi.o(.text)
    _printf_int_common                       0x08020d5d   Thumb Code   178  _printf_intcommon.o(.text)
    _printf_cs_common                        0x08020e0f   Thumb Code    20  _printf_char.o(.text)
    _printf_char                             0x08020e23   Thumb Code    16  _printf_char.o(.text)
    _printf_string                           0x08020e33   Thumb Code     8  _printf_char.o(.text)
    _printf_char_file                        0x08020e3d   Thumb Code    32  _printf_char_file.o(.text)
    _printf_char_common                      0x08020e6b   Thumb Code    32  _printf_char_common.o(.text)
    ferror                                   0x08020e91   Thumb Code     8  ferror.o(.text)
    __user_setup_stackheap                   0x08020e99   Thumb Code    74  sys_stackheap_outer.o(.text)
    exit                                     0x08020ee3   Thumb Code    18  exit.o(.text)
    __user_libspace                          0x08020ef5   Thumb Code     8  libspace.o(.text)
    __user_perproc_libspace                  0x08020ef5   Thumb Code     0  libspace.o(.text)
    __user_perthread_libspace                0x08020ef5   Thumb Code     0  libspace.o(.text)
    _is_digit                                0x08020efd   Thumb Code    14  __printf_wp.o(i._is_digit)
    Region$$Table$$Base                      0x08020f44   Number         0  anon$$obj.o(Region$$Table)
    Region$$Table$$Limit                     0x08020f64   Number         0  anon$$obj.o(Region$$Table)
    __stdout                                 0x20008000   Data           4  main.o(.data)
    SystemCoreClock                          0x20008004   Data           4  system_stm32f10x.o(.data)
    AHBPrescTable                            0x20008008   Data          16  system_stm32f10x.o(.data)
    __libspace_start                         0x20008018   Data          96  libspace.o(.bss)
    __temporary_stack_top$libspace           0x20008078   Data           0  libspace.o(.bss)



==============================================================================

Memory Map of the image

  Image Entry point : 0x08020151

  Load Region LR_IROM1 (Base: 0x08020000, Size: 0x00000f7c, Max: 0x00020000, ABSOLUTE)

    Execution Region ER_IROM1 (Exec base: 0x08020000, Load base: 0x08020000, Size: 0x00000f64, Max: 0x00020000, ABSOLUTE)

    Exec Addr    Load Addr    Size         Type   Attr      Idx    E Section Name        Object

    0x08020000   0x08020000   0x00000150   Data   RO           76    RESET               startup_stm32f10x_cl.o
    0x08020150   0x08020150   0x00000008   Code   RO          184  * !!!main             c_w.l(__main.o)
    0x08020158   0x08020158   0x00000034   Code   RO          354    !!!scatter          c_w.l(__scatter.o)
    0x0802018c   0x0802018c   0x0000001a   Code   RO          356    !!handler_copy      c_w.l(__scatter_copy.o)
    0x080201a6   0x080201a6   0x00000002   PAD
    0x080201a8   0x080201a8   0x0000001c   Code   RO          358    !!handler_zi        c_w.l(__scatter_zi.o)
    0x080201c4   0x080201c4   0x00000000   Code   RO          181    .ARM.Collect$$_printf_percent$$00000000  c_w.l(_printf_percent.o)
    0x080201c4   0x080201c4   0x00000006   Code   RO          180    .ARM.Collect$$_printf_percent$$00000009  c_w.l(_printf_d.o)
    0x080201ca   0x080201ca   0x00000006   Code   RO          179    .ARM.Collect$$_printf_percent$$0000000C  c_w.l(_printf_x.o)
    0x080201d0   0x080201d0   0x00000006   Code   RO          178    .ARM.Collect$$_printf_percent$$00000014  c_w.l(_printf_s.o)
    0x080201d6   0x080201d6   0x00000004   Code   RO          195    .ARM.Collect$$_printf_percent$$00000017  c_w.l(_printf_percent_end.o)
    0x080201da   0x080201da   0x00000002   Code   RO          228    .ARM.Collect$$libinit$$00000000  c_w.l(libinit.o)
    0x080201dc   0x080201dc   0x00000000   Code   RO          235    .ARM.Collect$$libinit$$00000002  c_w.l(libinit2.o)
    0x080201dc   0x080201dc   0x00000000   Code   RO          237    .ARM.Collect$$libinit$$00000004  c_w.l(libinit2.o)
    0x080201dc   0x080201dc   0x00000000   Code   RO          240    .ARM.Collect$$libinit$$0000000A  c_w.l(libinit2.o)
    0x080201dc   0x080201dc   0x00000000   Code   RO          242    .ARM.Collect$$libinit$$0000000C  c_w.l(libinit2.o)
    0x080201dc   0x080201dc   0x00000000   Code   RO          244    .ARM.Collect$$libinit$$0000000E  c_w.l(libinit2.o)
    0x080201dc   0x080201dc   0x00000000   Code   RO          247    .ARM.Collect$$libinit$$00000011  c_w.l(libinit2.o)
    0x080201dc   0x080201dc   0x00000000   Code   RO          249    .ARM.Collect$$libinit$$00000013  c_w.l(libinit2.o)
    0x080201dc   0x080201dc   0x00000000   Code   RO          251    .ARM.Collect$$libinit$$00000015  c_w.l(libinit2.o)
    0x080201dc   0x080201dc   0x00000000   Code   RO          253    .ARM.Collect$$libinit$$00000017  c_w.l(libinit2.o)
    0x080201dc   0x080201dc   0x00000000   Code   RO          255    .ARM.Collect$$libinit$$00000019  c_w.l(libinit2.o)
    0x080201dc   0x080201dc   0x00000000   Code   RO          257    .ARM.Collect$$libinit$$0000001B  c_w.l(libinit2.o)
    0x080201dc   0x080201dc   0x00000000   Code   RO          259    .ARM.Collect$$libinit$$0000001D  c_w.l(libinit2.o)
    0x080201dc   0x080201dc   0x00000000   Code   RO          261    .ARM.Collect$$libinit$$0000001F  c_w.l(libinit2.o)
    0x080201dc   0x080201dc   0x00000000   Code   RO          263    .ARM.Collect$$libinit$$00000021  c_w.l(libinit2.o)
    0x080201dc   0x080201dc   0x00000000   Code   RO          265    .ARM.Collect$$libinit$$00000023  c_w.l(libinit2.o)
    0x080201dc   0x080201dc   0x00000000   Code   RO          267    .ARM.Collect$$libinit$$00000025  c_w.l(libinit2.o)
    0x080201dc   0x080201dc   0x00000000   Code   RO          271    .ARM.Collect$$libinit$$0000002C  c_w.l(libinit2.o)
    0x080201dc   0x080201dc   0x00000000   Code   RO          273    .ARM.Collect$$libinit$$0000002E  c_w.l(libinit2.o)
    0x080201dc   0x080201dc   0x00000000   Code   RO          275    .ARM.Collect$$libinit$$00000030  c_w.l(libinit2.o)
    0x080201dc   0x080201dc   0x00000000   Code   RO          277    .ARM.Collect$$libinit$$00000032  c_w.l(libinit2.o)
    0x080201dc   0x080201dc   0x00000002   Code   RO          278    .ARM.Collect$$libinit$$00000033  c_w.l(libinit2.o)
    0x080201de   0x080201de   0x00000002   Code   RO          296    .ARM.Collect$$libshutdown$$00000000  c_w.l(libshutdown.o)
    0x080201e0   0x080201e0   0x00000000   Code   RO          306    .ARM.Collect$$libshutdown$$00000002  c_w.l(libshutdown2.o)
    0x080201e0   0x080201e0   0x00000000   Code   RO          308    .ARM.Collect$$libshutdown$$00000004  c_w.l(libshutdown2.o)
    0x080201e0   0x080201e0   0x00000000   Code   RO          311    .ARM.Collect$$libshutdown$$00000007  c_w.l(libshutdown2.o)
    0x080201e0   0x080201e0   0x00000000   Code   RO          314    .ARM.Collect$$libshutdown$$0000000A  c_w.l(libshutdown2.o)
    0x080201e0   0x080201e0   0x00000000   Code   RO          316    .ARM.Collect$$libshutdown$$0000000C  c_w.l(libshutdown2.o)
    0x080201e0   0x080201e0   0x00000000   Code   RO          319    .ARM.Collect$$libshutdown$$0000000F  c_w.l(libshutdown2.o)
    0x080201e0   0x080201e0   0x00000002   Code   RO          320    .ARM.Collect$$libshutdown$$00000010  c_w.l(libshutdown2.o)
    0x080201e2   0x080201e2   0x00000000   Code   RO          188    .ARM.Collect$$rtentry$$00000000  c_w.l(__rtentry.o)
    0x080201e2   0x080201e2   0x00000000   Code   RO          197    .ARM.Collect$$rtentry$$00000002  c_w.l(__rtentry2.o)
    0x080201e2   0x080201e2   0x00000006   Code   RO          209    .ARM.Collect$$rtentry$$00000004  c_w.l(__rtentry4.o)
    0x080201e8   0x080201e8   0x00000000   Code   RO          199    .ARM.Collect$$rtentry$$00000009  c_w.l(__rtentry2.o)
    0x080201e8   0x080201e8   0x00000004   Code   RO          200    .ARM.Collect$$rtentry$$0000000A  c_w.l(__rtentry2.o)
    0x080201ec   0x080201ec   0x00000000   Code   RO          202    .ARM.Collect$$rtentry$$0000000C  c_w.l(__rtentry2.o)
    0x080201ec   0x080201ec   0x00000008   Code   RO          203    .ARM.Collect$$rtentry$$0000000D  c_w.l(__rtentry2.o)
    0x080201f4   0x080201f4   0x00000002   Code   RO          232    .ARM.Collect$$rtexit$$00000000  c_w.l(rtexit.o)
    0x080201f6   0x080201f6   0x00000000   Code   RO          280    .ARM.Collect$$rtexit$$00000002  c_w.l(rtexit2.o)
    0x080201f6   0x080201f6   0x00000004   Code   RO          281    .ARM.Collect$$rtexit$$00000003  c_w.l(rtexit2.o)
    0x080201fa   0x080201fa   0x00000006   Code   RO          282    .ARM.Collect$$rtexit$$00000004  c_w.l(rtexit2.o)
    0x08020200   0x08020200   0x000002a4   Code   RO            2    .text               main.o
    0x080204a4   0x080204a4   0x0000009a   Code   RO           56    .text               stm32fxxx_it.o
    0x0802053e   0x0802053e   0x00000002   PAD
    0x08020540   0x08020540   0x00000040   Code   RO           77    .text               startup_stm32f10x_cl.o
    0x08020580   0x08020580   0x0000028c   Code   RO           82    .text               system_stm32f10x.o
    0x0802080c   0x0802080c   0x0000016c   Code   RO          105    .text               ficus_f1_dll.lib(vt_i2c.o)
    0x08020978   0x08020978   0x000000b8   Code   RO          111    .text               ficus_f1_dll.lib(vt_it.o)
    0x08020a30   0x08020a30   0x00000060   Code   RO          117    .text               ficus_f1_dll.lib(vt_driver.o)
    0x08020a90   0x08020a90   0x00000002   Code   RO          123    .text               c_w.l(use_no_semi_2.o)
    0x08020a92   0x08020a92   0x00000002   PAD
    0x08020a94   0x08020a94   0x00000018   Code   RO          127    .text               c_w.l(noretval__2printf.o)
    0x08020aac   0x08020aac   0x0000004e   Code   RO          131    .text               c_w.l(_printf_pad.o)
    0x08020afa   0x08020afa   0x00000052   Code   RO          133    .text               c_w.l(_printf_str.o)
    0x08020b4c   0x08020b4c   0x00000078   Code   RO          135    .text               c_w.l(_printf_dec.o)
    0x08020bc4   0x08020bc4   0x00000058   Code   RO          140    .text               c_w.l(_printf_hex_int.o)
    0x08020c1c   0x08020c1c   0x00000138   Code   RO          170    .text               c_w.l(__printf_flags_wp.o)
    0x08020d54   0x08020d54   0x00000006   Code   RO          182    .text               c_w.l(heapauxi.o)
    0x08020d5a   0x08020d5a   0x00000002   Code   RO          186    .text               c_w.l(use_no_semi.o)
    0x08020d5c   0x08020d5c   0x000000b2   Code   RO          189    .text               c_w.l(_printf_intcommon.o)
    0x08020e0e   0x08020e0e   0x0000002c   Code   RO          191    .text               c_w.l(_printf_char.o)
    0x08020e3a   0x08020e3a   0x00000002   PAD
    0x08020e3c   0x08020e3c   0x00000024   Code   RO          193    .text               c_w.l(_printf_char_file.o)
    0x08020e60   0x08020e60   0x00000030   Code   RO          211    .text               c_w.l(_printf_char_common.o)
    0x08020e90   0x08020e90   0x00000008   Code   RO          213    .text               c_w.l(ferror.o)
    0x08020e98   0x08020e98   0x0000004a   Code   RO          217    .text               c_w.l(sys_stackheap_outer.o)
    0x08020ee2   0x08020ee2   0x00000012   Code   RO          221    .text               c_w.l(exit.o)
    0x08020ef4   0x08020ef4   0x00000008   Code   RO          229    .text               c_w.l(libspace.o)
    0x08020efc   0x08020efc   0x0000000e   Code   RO          168    i._is_digit         c_w.l(__printf_wp.o)
    0x08020f0a   0x08020f0a   0x00000028   Data   RO          141    .constdata          c_w.l(_printf_hex_int.o)
    0x08020f32   0x08020f32   0x00000011   Data   RO          171    .constdata          c_w.l(__printf_flags_wp.o)
    0x08020f43   0x08020f43   0x00000001   PAD
    0x08020f44   0x08020f44   0x00000020   Data   RO          352    Region$$Table       anon$$obj.o


    Execution Region RW_IRAM1 (Exec base: 0x20008000, Load base: 0x08020f64, Size: 0x00000a78, Max: 0x00002000, ABSOLUTE)

    Exec Addr    Load Addr    Size         Type   Attr      Idx    E Section Name        Object

    0x20008000   0x08020f64   0x00000004   Data   RW            3    .data               main.o
    0x20008004   0x08020f68   0x00000014   Data   RW           83    .data               system_stm32f10x.o
    0x20008018        -       0x00000060   Zero   RW          230    .bss                c_w.l(libspace.o)
    0x20008078        -       0x00000200   Zero   RW           75    HEAP                startup_stm32f10x_cl.o
    0x20008278        -       0x00000800   Zero   RW           74    STACK               startup_stm32f10x_cl.o


==============================================================================

Image component sizes


      Code (inc. data)   RO Data    RW Data    ZI Data      Debug   Object Name

       676        294          0          4          0       9997   main.o
        64         26        336          0       2560        896   startup_stm32f10x_cl.o
       154          0          0          0          0       3328   stm32fxxx_it.o
       652         52          0         20          0       2243   system_stm32f10x.o

    ----------------------------------------------------------------------
      1548        372        368         24       2560      16464   Object Totals
         0          0         32          0          0          0   (incl. Generated)
         2          0          0          0          0          0   (incl. Padding)

    ----------------------------------------------------------------------

      Code (inc. data)   RO Data    RW Data    ZI Data      Debug   Library Member Name

         8          0          0          0          0         68   __main.o
       312          4         17          0          0         92   __printf_flags_wp.o
        14          0          0          0          0         68   __printf_wp.o
         0          0          0          0          0          0   __rtentry.o
        12          0          0          0          0          0   __rtentry2.o
         6          0          0          0          0          0   __rtentry4.o
        52          8          0          0          0          0   __scatter.o
        26          0          0          0          0          0   __scatter_copy.o
        28          0          0          0          0          0   __scatter_zi.o
        44          0          0          0          0        108   _printf_char.o
        48          6          0          0          0         96   _printf_char_common.o
        36          4          0          0          0         80   _printf_char_file.o
         6          0          0          0          0          0   _printf_d.o
       120         16          0          0          0         92   _printf_dec.o
        88          4         40          0          0         88   _printf_hex_int.o
       178          0          0          0          0         88   _printf_intcommon.o
        78          0          0          0          0        108   _printf_pad.o
         0          0          0          0          0          0   _printf_percent.o
         4          0          0          0          0          0   _printf_percent_end.o
         6          0          0          0          0          0   _printf_s.o
        82          0          0          0          0         80   _printf_str.o
         6          0          0          0          0          0   _printf_x.o
        18          0          0          0          0         80   exit.o
         8          0          0          0          0         68   ferror.o
         6          0          0          0          0        152   heapauxi.o
         2          0          0          0          0          0   libinit.o
         2          0          0          0          0          0   libinit2.o
         2          0          0          0          0          0   libshutdown.o
         2          0          0          0          0          0   libshutdown2.o
         8          4          0          0         96         68   libspace.o
        24          4          0          0          0         84   noretval__2printf.o
         2          0          0          0          0          0   rtexit.o
        10          0          0          0          0          0   rtexit2.o
        74          0          0          0          0         80   sys_stackheap_outer.o
         2          0          0          0          0         68   use_no_semi.o
         2          0          0          0          0         68   use_no_semi_2.o
        96          4          0          0          0        192   vt_driver.o
       364         10          0          0          0        432   vt_i2c.o
       184         46          0          0          0        436   vt_it.o

    ----------------------------------------------------------------------
      1966        110         58          0         96       2696   Library Totals
         6          0          1          0          0          0   (incl. Padding)

    ----------------------------------------------------------------------

      Code (inc. data)   RO Data    RW Data    ZI Data      Debug   Library Name

      1316         50         57          0         96       1636   c_w.l
       644         60          0          0          0       1060   ficus_f1_dll.lib

    ----------------------------------------------------------------------
      1966        110         58          0         96       2696   Library Totals

    ----------------------------------------------------------------------

==============================================================================


      Code (inc. data)   RO Data    RW Data    ZI Data      Debug   

      3514        482        426         24       2656      18116   Grand Totals
      3514        482        426         24       2656      18116   ELF Image Totals
      3514        482        426         24          0          0   ROM Totals

==============================================================================

    Total RO  Size (Code + RO Data)                 3940 (   3.85kB)
    Total RW  Size (RW Data + ZI Data)              2680 (   2.62kB)
    Total ROM Size (Code + RO Data + RW Data)       3964 (   3.87kB)

==============================================================================

